decided=true round=0 decisionTime=800ms missReason=""
--- trace ---
0s	StartInstance[op=1]
0s	StartInstance[op=2]
0s	StartInstance[op=3]
0s	StartInstance[op=4]
0s	MessageArrival[from=1 to=1]
0s	MessageArrival[from=1 to=1]
200ms	MessageArrival[from=1 to=2]
200ms	MessageArrival[from=1 to=3]
200ms	MessageArrival[from=1 to=4]
200ms	MessageArrival[from=1 to=2]
200ms	MessageArrival[from=1 to=3]
200ms	MessageArrival[from=1 to=4]
200ms	MessageArrival[from=2 to=2]
200ms	MessageArrival[from=3 to=3]
200ms	MessageArrival[from=4 to=4]
400ms	MessageArrival[from=2 to=1]
400ms	MessageArrival[from=2 to=3]
400ms	MessageArrival[from=2 to=4]
400ms	MessageArrival[from=3 to=1]
400ms	MessageArrival[from=3 to=2]
400ms	MessageArrival[from=3 to=4]
400ms	MessageArrival[from=4 to=1]
400ms	MessageArrival[from=4 to=2]
400ms	MessageArrival[from=4 to=3]
400ms	MessageArrival[from=3 to=3]
400ms	MessageArrival[from=4 to=4]
400ms	MessageArrival[from=1 to=1]
400ms	MessageArrival[from=2 to=2]
600ms	MessageArrival[from=3 to=1]
600ms	MessageArrival[from=3 to=2]
600ms	MessageArrival[from=3 to=4]
600ms	MessageArrival[from=4 to=1]
600ms	MessageArrival[from=4 to=2]
600ms	MessageArrival[from=4 to=3]
600ms	MessageArrival[from=1 to=2]
600ms	MessageArrival[from=1 to=3]
600ms	MessageArrival[from=1 to=4]
600ms	MessageArrival[from=2 to=1]
600ms	MessageArrival[from=2 to=3]
600ms	MessageArrival[from=2 to=4]
600ms	RoundTimeout[op=1 round=1]
600ms	RoundTimeout[op=2 round=1]
600ms	RoundTimeout[op=3 round=1]
600ms	RoundTimeout[op=4 round=1]
800ms	PartialSigArrival[from=1 to=2]
800ms	PartialSigArrival[from=1 to=3]
800ms	PartialSigArrival[from=1 to=4]
800ms	PartialSigArrival[from=2 to=1]
800ms	PartialSigArrival[from=2 to=3]
800ms	PartialSigArrival[from=2 to=4]
800ms	PartialSigArrival[from=3 to=1]
800ms	PartialSigArrival[from=3 to=2]
800ms	PartialSigArrival[from=3 to=4]
800ms	PartialSigArrival[from=4 to=1]
800ms	PartialSigArrival[from=4 to=2]
800ms	PartialSigArrival[from=4 to=3]
