decided=true round=0 decisionTime=3.176722936s missReason=""
--- trace ---
0s	LeaderFetch[layer=1]
46.043086ms	MeshArrival[from=1 to=0 publisher=1 msg=1 kind=LeaderBroadcast]
46.043086ms	Phase1Arrival[from=2 to=1 layer=1 v=020000000000]
57.020263ms	MeshArrival[from=1 to=6 publisher=1 msg=1 kind=LeaderBroadcast]
64.187007ms	MeshArrival[from=1 to=5 publisher=1 msg=1 kind=LeaderBroadcast]
117.721178ms	MeshArrival[from=5 to=7 publisher=1 msg=1 kind=LeaderBroadcast]
119.488807ms	MeshArrival[from=0 to=7 publisher=1 msg=1 kind=LeaderBroadcast]
126.939959ms	MeshArrival[from=6 to=7 publisher=1 msg=1 kind=LeaderBroadcast]
136.597274ms	MeshArrival[from=6 to=3 publisher=1 msg=1 kind=LeaderBroadcast]
136.597274ms	Phase1Arrival[from=2 to=4 layer=1 v=020000000000]
153.886551ms	MeshArrival[from=5 to=3 publisher=1 msg=1 kind=LeaderBroadcast]
178.389231ms	MeshArrival[from=0 to=4 publisher=1 msg=1 kind=LeaderBroadcast]
199.631032ms	MeshArrival[from=7 to=0 publisher=1 msg=1 kind=LeaderBroadcast]
203.448093ms	MeshArrival[from=7 to=4 publisher=1 msg=1 kind=LeaderBroadcast]
214.691223ms	MeshArrival[from=3 to=2 publisher=1 msg=1 kind=LeaderBroadcast]
214.691223ms	Phase1Arrival[from=2 to=3 layer=1 v=020000000000]
216.152328ms	MeshArrival[from=7 to=6 publisher=1 msg=1 kind=LeaderBroadcast]
219.646842ms	MeshArrival[from=3 to=5 publisher=1 msg=1 kind=LeaderBroadcast]
224.988736ms	MeshArrival[from=7 to=2 publisher=1 msg=1 kind=LeaderBroadcast]
226.704668ms	MeshArrival[from=4 to=2 publisher=1 msg=1 kind=LeaderBroadcast]
260.637417ms	MeshArrival[from=4 to=7 publisher=1 msg=1 kind=LeaderBroadcast]
290.572068ms	MeshArrival[from=2 to=4 publisher=1 msg=1 kind=LeaderBroadcast]
304.671716ms	MeshArrival[from=2 to=7 publisher=1 msg=1 kind=LeaderBroadcast]
3s	LeaderFetch[layer=0]
3s	CommitEmit[op=1]
3.042203989s	MeshArrival[from=0 to=1 publisher=0 msg=2 kind=LeaderBroadcast]
3.042203989s	Phase1Arrival[from=1 to=2 layer=0 v=010000000000]
3.042203989s	CommitEmit[op=2]
3.049495517s	MeshArrival[from=0 to=4 publisher=0 msg=3 kind=Commit]
3.060627215s	MeshArrival[from=0 to=4 publisher=0 msg=2 kind=LeaderBroadcast]
3.077166419s	MeshArrival[from=1 to=0 publisher=1 msg=4 kind=Commit]
3.077166419s	CommitArrival[from=2 to=1]
3.085548973s	MeshArrival[from=1 to=6 publisher=0 msg=2 kind=LeaderBroadcast]
3.089713224s	MeshArrival[from=0 to=7 publisher=0 msg=3 kind=Commit]
3.092751495s	MeshArrival[from=0 to=1 publisher=0 msg=3 kind=Commit]
3.092751495s	CommitArrival[from=1 to=2]
3.097634934s	MeshArrival[from=1 to=5 publisher=0 msg=2 kind=LeaderBroadcast]
3.101217182s	MeshArrival[from=4 to=2 publisher=0 msg=3 kind=Commit]
3.101217182s	CommitArrival[from=1 to=3]
3.103770124s	MeshArrival[from=4 to=7 publisher=0 msg=2 kind=LeaderBroadcast]
3.111675043s	MeshArrival[from=1 to=5 publisher=1 msg=4 kind=Commit]
3.114526678s	MeshArrival[from=4 to=7 publisher=0 msg=3 kind=Commit]
3.116734911s	MeshArrival[from=0 to=7 publisher=1 msg=4 kind=Commit]
3.117512455s	MeshArrival[from=0 to=7 publisher=0 msg=2 kind=LeaderBroadcast]
3.118342321s	MeshArrival[from=1 to=6 publisher=1 msg=4 kind=Commit]
3.130490692s	MeshArrival[from=4 to=2 publisher=0 msg=2 kind=LeaderBroadcast]
3.130490692s	Phase1Arrival[from=1 to=3 layer=0 v=010000000000]
3.130490692s	CommitEmit[op=3]
3.138081369s	MeshArrival[from=7 to=2 publisher=0 msg=3 kind=Commit]
3.140382829s	MeshArrival[from=1 to=5 publisher=0 msg=3 kind=Commit]
3.140714695s	MeshArrival[from=5 to=7 publisher=0 msg=2 kind=LeaderBroadcast]
3.141634543s	MeshArrival[from=7 to=4 publisher=0 msg=3 kind=Commit]
3.149669436s	MeshArrival[from=0 to=4 publisher=1 msg=4 kind=Commit]
3.157511688s	MeshArrival[from=7 to=4 publisher=1 msg=4 kind=Commit]
3.159510624s	MeshArrival[from=6 to=7 publisher=0 msg=2 kind=LeaderBroadcast]
3.161632306s	MeshArrival[from=7 to=5 publisher=0 msg=2 kind=LeaderBroadcast]
3.162233477s	MeshArrival[from=2 to=7 publisher=0 msg=3 kind=Commit]
3.163324033s	MeshArrival[from=7 to=5 publisher=0 msg=3 kind=Commit]
3.167862062s	MeshArrival[from=6 to=3 publisher=0 msg=2 kind=LeaderBroadcast]
3.167862062s	Phase1Arrival[from=1 to=4 layer=0 v=010000000000]
3.167862062s	CommitEmit[op=4]
3.17124938s	MeshArrival[from=6 to=7 publisher=1 msg=4 kind=Commit]
3.175662274s	MeshArrival[from=7 to=6 publisher=0 msg=2 kind=LeaderBroadcast]
3.176410135s	MeshArrival[from=1 to=6 publisher=0 msg=3 kind=Commit]
3.176722936s	MeshArrival[from=5 to=3 publisher=1 msg=4 kind=Commit]
3.176722936s	CommitArrival[from=2 to=4]
3.178085188s	MeshArrival[from=2 to=3 publisher=0 msg=2 kind=LeaderBroadcast]
3.181461161s	MeshArrival[from=7 to=2 publisher=0 msg=2 kind=LeaderBroadcast]
3.181760287s	MeshArrival[from=5 to=7 publisher=1 msg=4 kind=Commit]
3.183308114s	MeshArrival[from=2 to=7 publisher=0 msg=2 kind=LeaderBroadcast]
3.183525025s	MeshArrival[from=6 to=3 publisher=1 msg=4 kind=Commit]
3.185684033s	MeshArrival[from=5 to=3 publisher=0 msg=2 kind=LeaderBroadcast]
3.190175142s	MeshArrival[from=2 to=7 publisher=2 msg=5 kind=Commit]
3.190482709s	MeshArrival[from=2 to=3 publisher=0 msg=3 kind=Commit]
3.190482709s	CommitArrival[from=1 to=4]
3.191094943s	MeshArrival[from=7 to=2 publisher=1 msg=4 kind=Commit]
3.191094943s	CommitArrival[from=2 to=3]
3.200757401s	MeshArrival[from=5 to=3 publisher=0 msg=3 kind=Commit]
3.202266602s	MeshArrival[from=7 to=6 publisher=0 msg=3 kind=Commit]
3.20239659s	MeshArrival[from=7 to=5 publisher=1 msg=4 kind=Commit]
3.205781035s	MeshArrival[from=5 to=7 publisher=0 msg=3 kind=Commit]
3.210987124s	MeshArrival[from=7 to=6 publisher=1 msg=4 kind=Commit]
3.211574046s	MeshArrival[from=4 to=2 publisher=1 msg=4 kind=Commit]
3.212046553s	MeshArrival[from=2 to=3 publisher=2 msg=5 kind=Commit]
3.212046553s	CommitArrival[from=3 to=4]
3.213733881s	MeshArrival[from=3 to=6 publisher=1 msg=4 kind=Commit]
3.214458095s	MeshArrival[from=3 to=2 publisher=1 msg=4 kind=Commit]
3.216490352s	MeshArrival[from=3 to=6 publisher=3 msg=6 kind=Commit]
3.219808531s	MeshArrival[from=4 to=7 publisher=1 msg=4 kind=Commit]
3.229374818s	MeshArrival[from=3 to=5 publisher=0 msg=2 kind=LeaderBroadcast]
3.230536575s	MeshArrival[from=3 to=2 publisher=3 msg=6 kind=Commit]
3.230536575s	CommitArrival[from=4 to=3]
3.230814696s	MeshArrival[from=6 to=7 publisher=0 msg=3 kind=Commit]
3.232573968s	MeshArrival[from=2 to=4 publisher=2 msg=5 kind=Commit]
3.233853577s	MeshArrival[from=6 to=3 publisher=0 msg=3 kind=Commit]
3.240380858s	MeshArrival[from=2 to=3 publisher=1 msg=4 kind=Commit]
3.242933138s	MeshArrival[from=2 to=4 publisher=1 msg=4 kind=Commit]
3.24364252s	MeshArrival[from=7 to=0 publisher=2 msg=5 kind=Commit]
3.24364252s	CommitArrival[from=3 to=1]
3.249664672s	MeshArrival[from=6 to=1 publisher=3 msg=6 kind=Commit]
3.249664672s	CommitArrival[from=4 to=2]
3.253683283s	MeshArrival[from=3 to=5 publisher=0 msg=3 kind=Commit]
3.255809051s	MeshArrival[from=3 to=6 publisher=2 msg=5 kind=Commit]
3.256024102s	MeshArrival[from=7 to=6 publisher=2 msg=5 kind=Commit]
3.258765419s	MeshArrival[from=7 to=5 publisher=2 msg=5 kind=Commit]
3.263530896s	MeshArrival[from=3 to=5 publisher=3 msg=6 kind=Commit]
3.267201345s	MeshArrival[from=2 to=7 publisher=3 msg=6 kind=Commit]
3.280074634s	MeshArrival[from=3 to=2 publisher=0 msg=2 kind=LeaderBroadcast]
3.280772812s	MeshArrival[from=3 to=5 publisher=2 msg=5 kind=Commit]
3.286145034s	MeshArrival[from=3 to=6 publisher=0 msg=3 kind=Commit]
3.293326058s	MeshArrival[from=0 to=1 publisher=2 msg=5 kind=Commit]
3.293326058s	CommitArrival[from=3 to=2]
3.293441901s	MeshArrival[from=5 to=1 publisher=2 msg=5 kind=Commit]
3.301350926s	MeshArrival[from=6 to=7 publisher=2 msg=5 kind=Commit]
3.302322392s	MeshArrival[from=2 to=4 publisher=3 msg=6 kind=Commit]
3.305789327s	MeshArrival[from=6 to=7 publisher=3 msg=6 kind=Commit]
3.307318435s	MeshArrival[from=4 to=7 publisher=2 msg=5 kind=Commit]
3.311137674s	MeshArrival[from=7 to=4 publisher=2 msg=5 kind=Commit]
3.312889054s	MeshArrival[from=4 to=0 publisher=2 msg=5 kind=Commit]
3.313818238s	MeshArrival[from=7 to=0 publisher=3 msg=6 kind=Commit]
3.313818238s	CommitArrival[from=4 to=1]
3.315075862s	MeshArrival[from=5 to=1 publisher=3 msg=6 kind=Commit]
3.317528672s	MeshArrival[from=5 to=3 publisher=2 msg=5 kind=Commit]
3.319025116s	MeshArrival[from=0 to=4 publisher=2 msg=5 kind=Commit]
3.328789738s	MeshArrival[from=1 to=0 publisher=3 msg=6 kind=Commit]
3.330240789s	MeshArrival[from=5 to=7 publisher=3 msg=6 kind=Commit]
3.330324888s	MeshArrival[from=6 to=1 publisher=2 msg=5 kind=Commit]
3.337805211s	MeshArrival[from=7 to=6 publisher=3 msg=6 kind=Commit]
3.348618602s	MeshArrival[from=0 to=1 publisher=3 msg=6 kind=Commit]
3.36004841s	MeshArrival[from=1 to=5 publisher=2 msg=5 kind=Commit]
3.360193148s	MeshArrival[from=1 to=6 publisher=2 msg=5 kind=Commit]
3.360425038s	MeshArrival[from=4 to=7 publisher=3 msg=6 kind=Commit]
3.367568168s	MeshArrival[from=4 to=0 publisher=3 msg=6 kind=Commit]
3.371100847s	MeshArrival[from=7 to=5 publisher=3 msg=6 kind=Commit]
3.371605466s	MeshArrival[from=0 to=4 publisher=3 msg=6 kind=Commit]
3.392084125s	MeshArrival[from=1 to=5 publisher=3 msg=6 kind=Commit]
3.403461119s	MeshArrival[from=7 to=4 publisher=3 msg=6 kind=Commit]
3.6s	PhaseTwoStart
3.85s	Resolve
3.893071316s	MeshArrival[from=0 to=7 publisher=0 msg=7 kind=Certificate]
3.897365414s	MeshArrival[from=3 to=2 publisher=3 msg=10 kind=Certificate]
3.897365414s	CertArrival[from=4 to=3]
3.89916431s	MeshArrival[from=3 to=6 publisher=3 msg=10 kind=Certificate]
3.900815547s	MeshArrival[from=2 to=3 publisher=2 msg=9 kind=Certificate]
3.900815547s	CertArrival[from=3 to=4]
3.905340162s	MeshArrival[from=3 to=5 publisher=3 msg=10 kind=Certificate]
3.905375487s	MeshArrival[from=1 to=5 publisher=1 msg=8 kind=Certificate]
3.906402434s	MeshArrival[from=0 to=1 publisher=0 msg=7 kind=Certificate]
3.906402434s	CertArrival[from=1 to=2]
3.917724381s	MeshArrival[from=1 to=0 publisher=1 msg=8 kind=Certificate]
3.917724381s	CertArrival[from=2 to=1]
3.924346793s	MeshArrival[from=2 to=7 publisher=2 msg=9 kind=Certificate]
3.929012094s	MeshArrival[from=7 to=4 publisher=0 msg=7 kind=Certificate]
3.932872751s	MeshArrival[from=2 to=4 publisher=2 msg=9 kind=Certificate]
3.9347468s	MeshArrival[from=1 to=6 publisher=1 msg=8 kind=Certificate]
3.938188113s	MeshArrival[from=7 to=6 publisher=0 msg=7 kind=Certificate]
3.944120988s	MeshArrival[from=2 to=7 publisher=3 msg=10 kind=Certificate]
3.947276309s	MeshArrival[from=5 to=7 publisher=1 msg=8 kind=Certificate]
3.947834826s	MeshArrival[from=1 to=6 publisher=0 msg=7 kind=Certificate]
3.95144464s	MeshArrival[from=0 to=4 publisher=1 msg=8 kind=Certificate]
3.95167129s	MeshArrival[from=5 to=1 publisher=3 msg=10 kind=Certificate]
3.95167129s	CertArrival[from=4 to=2]
3.958727494s	MeshArrival[from=7 to=5 publisher=0 msg=7 kind=Certificate]
3.960712215s	MeshArrival[from=3 to=5 publisher=2 msg=9 kind=Certificate]
3.962670205s	MeshArrival[from=7 to=2 publisher=0 msg=7 kind=Certificate]
3.962670205s	CertArrival[from=1 to=3]
3.968893731s	MeshArrival[from=6 to=7 publisher=1 msg=8 kind=Certificate]
3.969317055s	MeshArrival[from=1 to=5 publisher=0 msg=7 kind=Certificate]
3.970377588s	MeshArrival[from=6 to=3 publisher=0 msg=7 kind=Certificate]
3.970377588s	CertArrival[from=1 to=4]
3.972317152s	MeshArrival[from=5 to=3 publisher=1 msg=8 kind=Certificate]
3.972317152s	CertArrival[from=2 to=4]
3.975313575s	MeshArrival[from=7 to=6 publisher=2 msg=9 kind=Certificate]
3.976091515s	MeshArrival[from=7 to=4 publisher=2 msg=9 kind=Certificate]
3.978468196s	MeshArrival[from=7 to=0 publisher=2 msg=9 kind=Certificate]
3.978468196s	CertArrival[from=3 to=1]
3.979817054s	MeshArrival[from=6 to=1 publisher=3 msg=10 kind=Certificate]
3.980892935s	MeshArrival[from=3 to=6 publisher=2 msg=9 kind=Certificate]
3.981030923s	MeshArrival[from=6 to=3 publisher=1 msg=8 kind=Certificate]
3.991125384s	MeshArrival[from=4 to=2 publisher=1 msg=8 kind=Certificate]
3.991125384s	CertArrival[from=2 to=3]
3.99191045s	MeshArrival[from=6 to=7 publisher=3 msg=10 kind=Certificate]
3.993729431s	MeshArrival[from=5 to=1 publisher=2 msg=9 kind=Certificate]
3.993729431s	CertArrival[from=3 to=2]
3.993786763s	MeshArrival[from=4 to=7 publisher=1 msg=8 kind=Certificate]
3.994385395s	MeshArrival[from=1 to=6 publisher=3 msg=10 kind=Certificate]
3.995804405s	MeshArrival[from=7 to=5 publisher=2 msg=9 kind=Certificate]
3.996245929s	MeshArrival[from=2 to=4 publisher=3 msg=10 kind=Certificate]
3.997406503s	MeshArrival[from=7 to=4 publisher=1 msg=8 kind=Certificate]
3.999339062s	MeshArrival[from=0 to=7 publisher=1 msg=8 kind=Certificate]
4.001266265s	MeshArrival[from=0 to=4 publisher=0 msg=7 kind=Certificate]
4.001477635s	MeshArrival[from=5 to=3 publisher=0 msg=7 kind=Certificate]
4.001860441s	MeshArrival[from=7 to=6 publisher=1 msg=8 kind=Certificate]
4.002865748s	MeshArrival[from=5 to=1 publisher=0 msg=7 kind=Certificate]
4.006994753s	MeshArrival[from=1 to=0 publisher=3 msg=10 kind=Certificate]
4.006994753s	CertArrival[from=4 to=1]
4.008359244s	MeshArrival[from=4 to=0 publisher=2 msg=9 kind=Certificate]
4.008475417s	MeshArrival[from=6 to=1 publisher=0 msg=7 kind=Certificate]
4.012771025s	MeshArrival[from=4 to=7 publisher=2 msg=9 kind=Certificate]
4.015029301s	MeshArrival[from=7 to=0 publisher=3 msg=10 kind=Certificate]
4.015461078s	MeshArrival[from=7 to=2 publisher=1 msg=8 kind=Certificate]
4.015675284s	MeshArrival[from=7 to=4 publisher=3 msg=10 kind=Certificate]
4.020512658s	MeshArrival[from=7 to=5 publisher=3 msg=10 kind=Certificate]
4.02248126s	MeshArrival[from=5 to=7 publisher=3 msg=10 kind=Certificate]
4.024266148s	MeshArrival[from=3 to=5 publisher=0 msg=7 kind=Certificate]
4.024526464s	MeshArrival[from=0 to=1 publisher=2 msg=9 kind=Certificate]
4.026315592s	MeshArrival[from=7 to=6 publisher=3 msg=10 kind=Certificate]
4.027754921s	MeshArrival[from=5 to=7 publisher=2 msg=9 kind=Certificate]
4.03158987s	MeshArrival[from=2 to=3 publisher=0 msg=7 kind=Certificate]
4.034304017s	MeshArrival[from=2 to=4 publisher=0 msg=7 kind=Certificate]
4.038056958s	MeshArrival[from=7 to=0 publisher=1 msg=8 kind=Certificate]
4.038538551s	MeshArrival[from=2 to=3 publisher=1 msg=8 kind=Certificate]
4.039167686s	MeshArrival[from=1 to=6 publisher=2 msg=9 kind=Certificate]
4.041225595s	MeshArrival[from=4 to=0 publisher=3 msg=10 kind=Certificate]
4.050117632s	MeshArrival[from=4 to=2 publisher=0 msg=7 kind=Certificate]
4.05428535s	MeshArrival[from=6 to=3 publisher=2 msg=9 kind=Certificate]
4.055780567s	MeshArrival[from=3 to=2 publisher=1 msg=8 kind=Certificate]
4.05674251s	MeshArrival[from=6 to=1 publisher=2 msg=9 kind=Certificate]
4.067681654s	MeshArrival[from=4 to=7 publisher=3 msg=10 kind=Certificate]
4.068346099s	MeshArrival[from=2 to=7 publisher=1 msg=8 kind=Certificate]
4.073630698s	MeshArrival[from=0 to=4 publisher=3 msg=10 kind=Certificate]
4.074336687s	MeshArrival[from=3 to=2 publisher=0 msg=7 kind=Certificate]
4.079186922s	MeshArrival[from=3 to=6 publisher=1 msg=8 kind=Certificate]
4.089006516s	MeshArrival[from=0 to=7 publisher=3 msg=10 kind=Certificate]
4.093437571s	MeshArrival[from=1 to=0 publisher=2 msg=9 kind=Certificate]
4.093439927s	MeshArrival[from=0 to=4 publisher=2 msg=9 kind=Certificate]
