decided=true round=0 decisionTime=3.4s missReason=""
--- trace ---
0s	LeaderFetch[layer=1]
200ms	Phase1Arrival[from=2 to=1 layer=1 v=020000000000]
200ms	Phase1Arrival[from=2 to=3 layer=1 v=020000000000]
200ms	Phase1Arrival[from=2 to=4 layer=1 v=020000000000]
3s	LeaderFetch[layer=0]
3s	CommitEmit[op=1]
3.2s	Phase1Arrival[from=1 to=2 layer=0 v=010000000000]
3.2s	Phase1Arrival[from=1 to=3 layer=0 v=010000000000]
3.2s	Phase1Arrival[from=1 to=4 layer=0 v=010000000000]
3.2s	CommitArrival[from=1 to=2]
3.2s	CommitArrival[from=1 to=3]
3.2s	CommitArrival[from=1 to=4]
3.2s	CommitEmit[op=2]
3.2s	CommitEmit[op=3]
3.2s	CommitEmit[op=4]
3.2s	CommitEmit[op=2]
3.2s	CommitEmit[op=3]
3.2s	CommitEmit[op=4]
3.4s	CommitArrival[from=2 to=1]
3.4s	CommitArrival[from=2 to=3]
3.4s	CommitArrival[from=2 to=4]
3.4s	CommitArrival[from=3 to=1]
3.4s	CommitArrival[from=3 to=2]
3.4s	CommitArrival[from=3 to=4]
3.4s	CommitArrival[from=4 to=1]
3.4s	CommitArrival[from=4 to=2]
3.4s	CommitArrival[from=4 to=3]
3.6s	PhaseTwoStart
3.85s	Resolve
4.05s	CertArrival[from=1 to=2]
4.05s	CertArrival[from=1 to=3]
4.05s	CertArrival[from=1 to=4]
4.05s	CertArrival[from=2 to=1]
4.05s	CertArrival[from=2 to=3]
4.05s	CertArrival[from=2 to=4]
4.05s	CertArrival[from=3 to=1]
4.05s	CertArrival[from=3 to=2]
4.05s	CertArrival[from=3 to=4]
4.05s	CertArrival[from=4 to=1]
4.05s	CertArrival[from=4 to=2]
4.05s	CertArrival[from=4 to=3]
