decided=true round=0 decisionTime=3.2s missReason=""
--- trace ---
0s	LeaderFetch[layer=1]
200ms	Phase1Arrival[from=2 to=1 layer=1 v=020000000000]
200ms	Phase1Arrival[from=2 to=3 layer=1 v=020000000000]
200ms	Phase1Arrival[from=2 to=4 layer=1 v=020000000000]
2.8s	LeaderFetch[layer=0]
2.8s	Phase2aFireOp[op=1]
3s	Phase1Arrival[from=1 to=2 layer=0 v=010000000000]
3s	Phase1Arrival[from=1 to=3 layer=0 v=010000000000]
3s	Phase1Arrival[from=1 to=4 layer=0 v=010000000000]
3s	ValueMsgArrival[from=1 to=2]
3s	ValueMsgArrival[from=1 to=3]
3s	ValueMsgArrival[from=1 to=4]
3s	Phase2aFireOp[op=2]
3s	Phase2aFireOp[op=3]
3s	Phase2aFireOp[op=4]
3s	Phase2aFireOp[op=2]
3s	Phase2aFireOp[op=3]
3s	Phase2aFireOp[op=4]
3.2s	ValueMsgArrival[from=2 to=1]
3.2s	ValueMsgArrival[from=2 to=3]
3.2s	ValueMsgArrival[from=2 to=4]
3.2s	ValueMsgArrival[from=3 to=1]
3.2s	ValueMsgArrival[from=3 to=2]
3.2s	ValueMsgArrival[from=3 to=4]
3.2s	ValueMsgArrival[from=4 to=1]
3.2s	ValueMsgArrival[from=4 to=2]
3.2s	ValueMsgArrival[from=4 to=3]
3.4s	Phase2aFire
3.85s	Resolve
4.05s	CertArrival[from=1 to=2]
4.05s	CertArrival[from=1 to=3]
4.05s	CertArrival[from=1 to=4]
4.05s	CertArrival[from=2 to=1]
4.05s	CertArrival[from=2 to=3]
4.05s	CertArrival[from=2 to=4]
4.05s	CertArrival[from=3 to=1]
4.05s	CertArrival[from=3 to=2]
4.05s	CertArrival[from=3 to=4]
4.05s	CertArrival[from=4 to=1]
4.05s	CertArrival[from=4 to=2]
4.05s	CertArrival[from=4 to=3]
